// Jest Snapshot v1, https://goo.gl/fbAQLP

exports[`<Heading /> should match with snapshot 1`] = `
.c0 {
  color: #0A1128;
  font-size: 6.4rem;
  text-transform: none;
}

@media (max-width:768px) {
  .c0 {
    font-size: 4.0rem;
  }
}

<h6
  class="c0"
>
  texto
</h6>
`;
