// Jest Snapshot v1, https://goo.gl/fbAQLP

exports[`<Footer/> should match with snapshot 1`] = `
.c4 {
  font-size: 2.4rem;
}

.c2 {
  max-width: 120rem;
  margin: 0 auto;
  padding: 3.2rem;
  width: 100%;
}

.c0 {
  text-align: center;
  border-top: 0.1rem solid #DDDDDD;
  font-size: 1.6rem;
}

.c0 a {
  color: inherit;
  -webkit-text-decoration: none;
  text-decoration: none;
}

.c0 .c3 {
  font-size: 1.6rem;
}

.c0 .c1 {
  padding-top: 0;
  padding-bottom: 0;
}

<div>
  <footer
    class="c0"
  >
    <section
      class="c1 c2"
    >
      <footer
        class="c3 c4"
      >
        <h1>
          Hello world
        </h1>
      </footer>
    </section>
  </footer>
</div>
`;
